asuu 1
esa 2
helsingissä 1
hesa 1
vesa 1

virkkeitä: 2
3 sanan virkkeitä: 2
